[www.shredlife.org/index.html]
[www.shredlife.org/apple-touch-icon.png]
[www.shredlife.org/favicon-32x32.png]
[www.shredlife.org/favicon-16x16.png]
[www.shredlife.org/site.webmanifest]
[www.shredlife.org/safari-pinned-tab.svg]
[backblue.gif]
[fade.gif]
[index.html]
[www.shredlife.org/wp-content/uploads/elementor/thumbs/johannes-waibel-WdBQHcIiSIw-unsplash-p83t1namn482m5wmaeblxpkg78gl2myvsfig8y47b4.jpg]
[www.shredlife.org/wp-includes/css/dist/block-library/style.min6a4d.css]
[www.shredlife.org/wp-content/plugins/contact-form-7/includes/css/stylesc225.css]
[www.shredlife.org/feed/index.html]
[www.shredlife.org/comments/feed/index.html]
[www.shredlife.org/wp-content/themes/shredlife/style8a54.css]
[www.shredlife.org/wp-content/themes/shredlife/css/bulma.min6a4d.css]
[www.shredlife.org/wp-content/themes/shredlife/css/styles6a4d.css]
[www.shredlife.org/wp-content/plugins/elementor/assets/lib/eicons/css/elementor-icons.min21f9.css]
[www.shredlife.org/wp-content/plugins/elementor/assets/lib/animations/animations.mine1e3.css]
[www.shredlife.org/wp-content/plugins/elementor/assets/css/frontend.mine1e3.css]
[www.shredlife.org/wp-content/plugins/elementor/assets/lib/eicons/fonts/eicons0b93.eot]
[www.shredlife.org/wp-content/uploads/elementor/css/post-36369f.css]
[www.shredlife.org/wp-content/uploads/elementor/css/globale4eb.css]
[www.shredlife.org/wp-content/uploads/elementor/css/post-6cd93.css]
[www.shredlife.org/wp-content/plugins/elementor/assets/lib/font-awesome/css/fontawesome.min9e0b.css]
[www.shredlife.org/wp-content/plugins/elementor/assets/lib/font-awesome/css/solid.min9e0b.css]
[www.shredlife.org/wp-content/plugins/elementor/assets/lib/font-awesome/css/regular.min9e0b.css]
[www.shredlife.org/wp-includes/js/jquery/jquery.mina7a0.js]
[www.shredlife.org/wp-includes/js/jquery/jquery-migrate.mind617.js]
[www.shredlife.org/wp-content/plugins/svg-support/js/min/svgs-inline-min8a54.js]
[www.shredlife.org/wp-json/index.html]
[www.shredlife.org/wp-json/wp/v2/pages/6.json]
[www.shredlife.org/wp-includes/wlwmanifest.xml]
[www.shredlife.org/wp-json/oembed/1.0/embed894f.json]
[www.shredlife.org/wp-json/oembed/1.0/embedaa6c]
[www.shredlife.org/wp-content/uploads/2021/06/cropped-snowboard-silhouette-32x32.png]
[www.shredlife.org/wp-content/uploads/2021/06/cropped-snowboard-silhouette-192x192.png]
[www.shredlife.org/wp-content/uploads/2021/06/cropped-snowboard-silhouette-180x180.png]
[www.shredlife.org/wp-content/uploads/2021/06/SLEH-Logo-Transparent-1.png]
[www.shredlife.org/wp-content/themes/shredlife/img/snow.jpg]
[www.shredlife.org/wp-content/themes/shredlife/img/hike.jpg]
[www.shredlife.org/coming-soon/index.html]
[www.shredlife.org/wp-content/themes/shredlife/img/bike.jpg]
[www.shredlife.org/contact-us/index.html]
[www.shredlife.org/wp-content/uploads/elementor/thumbs/holly-mandarich-UVyOfX3v0Ls-unsplash-scaled-p83t1o8gty9cxrv94wq8i7bwsmbyac2m4k5xq82t4w.jpg]
[www.shredlife.org/wp-content/uploads/elementor/thumbs/didier-weemaels-4yfdgmbgBWU-unsplash-scaled-p83t0u5mr946m92y0jq6aex5sag7g0r7cfaeddbeo0.jpg]
[www.shredlife.org/stay-with-us/index.html]
[www.shredlife.org/wp-includes/js/dist/vendor/regenerator-runtime.min3937.js]
[www.shredlife.org/wp-includes/js/dist/vendor/wp-polyfill.min2c7c.js]
[www.shredlife.org/wp-content/plugins/contact-form-7/includes/js/indexc225.js]
[www.shredlife.org/wp-content/themes/shredlife/js/navigation8a54.js]
[www.shredlife.org/snow/index.html]
[www.shredlife.org/wp-content/plugins/elementor/assets/js/webpack.runtime.mine1e3.js]
[www.shredlife.org/hike/index.html]
[www.shredlife.org/wp-content/plugins/elementor/assets/js/frontend-modules.mine1e3.js]
[www.shredlife.org/wp-content/plugins/elementor/assets/lib/waypoints/waypoints.min05da.js]
[www.shredlife.org/wp-includes/js/jquery/ui/core.min3f14.js]
[www.shredlife.org/bike/index.html]
[www.shredlife.org/wp-content/plugins/elementor/assets/lib/swiper/swiper.min48f5.js]
[www.shredlife.org/wp-content/plugins/elementor/assets/lib/share-link/share-link.mine1e3.js]
[www.shredlife.org/wp-content/plugins/elementor/assets/lib/dialog/dialog.mina288.js]
[www.shredlife.org/wp-content/plugins/elementor/assets/js/frontend.mine1e3.js]
[www.shredlife.org/wp-content/plugins/elementor/assets/js/preloaded-modules.mine1e3.js]
[www.shredlife.org/index.html]
[www.shredlife.org/apple-touch-icon.html]
[www.shredlife.org/favicon-32x32.html]
[www.shredlife.org/favicon-16x16.html]
[www.shredlife.org/site.html]
[www.shredlife.org/safari-pinned-tab.html]
[www.shredlife.org/wp-includes/css/dist/block-library/style.min6a4d.css]
[www.shredlife.org/wp-includes/css/classic-themes.min68b3.css]
[www.shredlife.org/wp-content/plugins/contact-form-7/includes/css/stylesc225.css]
[www.shredlife.org/wp-content/plugins/svg-support/css/svgs-attachment6a4d.css]
[www.shredlife.org/wp-content/themes/shredlife/style8a54.css]
[www.shredlife.org/wp-content/themes/shredlife/css/bulma.min6a4d.css]
[www.shredlife.org/wp-content/themes/shredlife/img/hero-bg.jpg]
[www.shredlife.org/wp-content/themes/shredlife/css/styles6a4d.css]
[www.shredlife.org/wp-content/plugins/elementor/assets/lib/eicons/fonts/eiconsa481.eot]
[www.shredlife.org/wp-content/plugins/elementor/assets/lib/eicons/fonts/eiconsa481.woff2]
[www.shredlife.org/wp-content/plugins/elementor/assets/lib/eicons/fonts/eiconsa481.woff]
[www.shredlife.org/wp-content/plugins/elementor/assets/lib/eicons/fonts/eiconsa481.ttf]
[www.shredlife.org/wp-content/plugins/elementor/assets/lib/eicons/css/elementor-icons.min21f9.css]
[www.shredlife.org/wp-content/plugins/elementor/assets/lib/animations/animations.mine1e3.css]
[www.shredlife.org/wp-content/plugins/elementor/assets/css/frontend.mine1e3.css]
[www.shredlife.org/wp-content/uploads/elementor/css/post-36369f.css]
[www.shredlife.org/wp-content/uploads/elementor/css/globale4eb.css]
[www.shredlife.org/wp-content/uploads/elementor/css/post-6cd93.css]
[www.shredlife.org/wp-content/plugins/elementor/assets/lib/font-awesome/css/fontawesome.min9e0b.css]
[www.shredlife.org/wp-content/plugins/elementor/assets/lib/eicons/fonts/eiconsa481.svg]
[www.shredlife.org/wp-content/plugins/elementor/assets/lib/font-awesome/webfonts/fa-solid-900.eot]
[www.shredlife.org/wp-content/plugins/elementor/assets/lib/font-awesome/webfonts/fa-solid-900d41d.eot]
[www.shredlife.org/wp-content/plugins/elementor/assets/lib/font-awesome/webfonts/fa-solid-900.woff2]
[www.shredlife.org/wp-content/plugins/elementor/assets/lib/font-awesome/webfonts/fa-solid-900.woff]
[www.shredlife.org/wp-content/plugins/elementor/assets/lib/font-awesome/webfonts/fa-solid-900.ttf]
[www.shredlife.org/wp-content/plugins/elementor/assets/lib/font-awesome/css/solid.min9e0b.css]
[www.shredlife.org/wp-content/plugins/elementor/assets/lib/font-awesome/webfonts/fa-regular-400.eot]
[www.shredlife.org/wp-content/plugins/elementor/assets/lib/font-awesome/webfonts/fa-solid-900.svg]
[www.shredlife.org/wp-content/plugins/elementor/assets/lib/font-awesome/webfonts/fa-regular-400d41d.eot]
[www.shredlife.org/wp-content/plugins/elementor/assets/lib/font-awesome/webfonts/fa-regular-400.woff2]
[www.shredlife.org/wp-content/plugins/elementor/assets/lib/font-awesome/webfonts/fa-regular-400.woff]
[www.shredlife.org/wp-content/plugins/elementor/assets/lib/font-awesome/webfonts/fa-regular-400.ttf]
[www.shredlife.org/wp-content/plugins/elementor/assets/lib/font-awesome/css/regular.min9e0b.css]
[www.shredlife.org/xmlrpc0db0.html]
[www.shredlife.org/wp-content/plugins/elementor/assets/lib/font-awesome/webfonts/fa-regular-400.svg]
[www.shredlife.org/wp-json/wp/v2/pages/208.json]
[www.shredlife.org/wp-json/oembed/1.0/embed393e.json]
[www.shredlife.org/wp-json/oembed/1.0/embed8a18]
[www.shredlife.org/coming-soon/index.html]
[www.shredlife.org/wp-json/wp/v2/pages/27.json]
[www.shredlife.org/wp-json/oembed/1.0/embed6ae0.json]
[www.shredlife.org/wp-json/oembed/1.0/embedf014]
[www.shredlife.org/contact-us/index.html]
[www.shredlife.org/wp-content/uploads/elementor/css/post-29835b.css]
[www.shredlife.org/wp-json/wp/v2/pages/29.json]
[www.shredlife.org/wp-json/oembed/1.0/embed415e.json]
[www.shredlife.org/wp-json/oembed/1.0/embed9801]
[www.shredlife.org/stay-with-us/index.html]
[secured.sirvoy.com/widget/sirvoy.js]
[www.shredlife.org/wp-content/uploads/elementor/css/post-14c847.css]
[www.shredlife.org/wp-json/wp/v2/pages/14.json]
[www.shredlife.org/wp-json/oembed/1.0/embedd9e5.json]
[www.shredlife.org/wp-json/oembed/1.0/embed2de5]
[www.shredlife.org/snow/index.html]
[www.shredlife.org/wp-content/uploads/2021/06/Screen-Shot-2021-06-01-at-11.41.29-PM.png]
[www.shredlife.org/wp-content/uploads/elementor/css/post-16bb75.css]
[www.shredlife.org/wp-json/wp/v2/pages/16.json]
[www.shredlife.org/wp-json/oembed/1.0/embed88c7.json]
[www.shredlife.org/wp-json/oembed/1.0/embededf1]
[www.shredlife.org/hike/index.html]
[www.shredlife.org/wp-content/uploads/elementor/css/post-182adb.css]
[www.shredlife.org/wp-json/wp/v2/pages/18.json]
[www.shredlife.org/wp-json/oembed/1.0/embed57ff.json]
[www.shredlife.org/wp-json/oembed/1.0/embedb063]
[www.shredlife.org/bike/index.html]
[www.shredlife.org/wp-content/plugins/elementor/assets/lib/eicons/fonts/eiconsa481.svg]
[www.shredlife.org/wp-content/plugins/elementor/assets/lib/font-awesome/webfonts/fa-solid-900.svg]
[www.shredlife.org/wp-content/plugins/elementor/assets/lib/font-awesome/webfonts/fa-regular-400.svg]
[www.shredlife.org/wp-content/uploads/elementor/css/post-2088e9c.css]
[www.shredlife.org/index0eba.html]
[www.shredlife.org/wp-content/uploads/elementor/css/post-27eac3.css]
[www.shredlife.org/index1c4a.html]
[www.shredlife.org/wp-content/uploads/elementor/css/post-29835b.css]
[www.shredlife.org/index9cd7.html]
[www.shredlife.org/wp-content/uploads/elementor/css/post-14c847.css]
[www.shredlife.org/index0b69.html]
[www.shredlife.org/wp-content/uploads/elementor/css/post-16bb75.css]
[www.shredlife.org/index0e62.html]
[www.shredlife.org/wp-content/uploads/elementor/css/post-182adb.css]
[www.shredlife.org/index0735.html]
