[thepadlife.com/silverthorne/index.html]
[backblue.gif]
[fade.gif]
[index.html]
[thepadlife.com/silverthorne/wp-content/uploads/2020/07/the-pad-silverthorne-wp-site-image.jpg]
[thepadlife.com/silverthorne/wp-content/uploads/2020/07/favicon.png]
[thepadlife.com/silverthorne/wp-content/cache/minify/a172a.css]
[thepadlife.com/silverthorne/wp-content/cache/minify/51478.js]
[thepadlife.com/silverthorne/wp-json/wp/v2/pages/2304.json]
[thepadlife.com/silverthorne/wp-json/index.html]
[thepadlife.com/silverthorne/feed/index.html]
[thepadlife.com/silverthorne/comments/feed/index.html]
[thepadlife.com/silverthorne/xmlrpc0db0.php]
[thepadlife.com/silverthorne/wp-includes/wlwmanifest.xml]
[thepadlife.com/silverthorne/wp-json/oembed/1.0/embed41e9.json]
[thepadlife.com/silverthorne/wp-json/oembed/1.0/embedf15b]
[connect.facebook.net/en_US/fbevents.js]
[thepadlife.com/silverthorne/wp-content/uploads/2021/03/blank-25x25-1.png]
[thepadlife.com/silverthorne/wp-content/uploads/2021/03/logo-the-pad-white-75x75-1.png]
[thepadlife.com/silverthorne/wp-content/cache/minify/ce5d8.js]
[thepadlife.com/silverthorne/rooms/index.html]
[thepadlife.com/silverthorne/wp-content/uploads/2020/07/logo-silverthorne-stem-whitebg.png]
[thepadlife.com/silverthorne/groups-events/index.html]
[thepadlife.com/silverthorne/eat-drink/index.html]
[thepadlife.com/silverthorne/padhaps/index.html]
[thepadlife.com/silverthorne/about/index.html]
[thepadlife.com/silverthorne/our-values/index.html]
[thepadlife.com/silverthorne/our-team/index.html]
[thepadlife.com/silverthorne/faq/index.html]
[thepadlife.com/silverthorne/press/index.html]
[thepadlife.com/silverthorne/padventures/index.html]
[thepadlife.com/silverthorne/booking/index.html]
[thepadlife.com/silverthorne/_https_/thepadlife.com/silverthorne/wp-content/uploads/2020/07/the-pad-a-texture-600x300-light.jpg]
[thepadlife.com/silverthorne/author/scottydoo/index.html]
[thepadlife.com/silverthorne/_https_/thepadlife.com/silverthorne/wp-content/uploads/2020/07/the-pad-a-texture-2000x100-light.jpg]
[thepadlife.com/silverthorne/_https_/thepadlife.com/silverthorne/wp-content/uploads/2021/11/Blue-River_1-scaled.jpg]
[thepadlife.com/silverthorne/wp-content/uploads/2022/04/ThePad3296-Signage-scaled.jpg]
[thepadlife.com/silverthorne/wp-content/uploads/2022/04/ThePad-0062-scaled.jpg]
[thepadlife.com/silverthorne/wp-content/uploads/2021/11/491_rainbowDr_011_1.jpg]
[thepadlife.com/silverthorne/wp-content/uploads/2021/03/A-Bar-Logo-300x180.png]
[thepadlife.com/silverthorne/wp-content/uploads/2022/04/CMB-Logo-800x480-v2.png]
[thepadlife.com/silverthorne/_https_/thepadlife.com/silverthorne/wp-content/uploads/2022/01/the-pad-event-space-photo.jpg]
[thepadlife.com/silverthorne/https_/thepadlife.com/silverthorne/wp-content/uploads/2020/07/the-pad-a-texture-2000x100-light.jpg]
[scontent-ord5-2.cdninstagram.com/v/t51.29350-15/327357942_511860050839806_127184933411453005_n69b8.jpg]
[thepadlife.com/silverthorne/wp-content/plugins/instagram-feed-pro/img/placeholder.png]
[scontent-ord5-2.cdninstagram.com/v/t39.30808-6/327556850_1763949733978416_6582125190943739_nf89f.jpg]
[thepadlife.com/silverthorne/privacy-policy/index.html]
[scontent-ord5-2.cdninstagram.com/v/t51.2885-15/326564094_1643313926142111_1261005200393658991_nb615.jpg]
[scontent-ord5-2.cdninstagram.com/v/t51.29350-15/326093125_867423277800461_6023428675611148497_n7d93.jpg]
[scontent-ord5-2.cdninstagram.com/v/t51.29350-15/326367597_882399399546009_2530414582784788073_nd61a.jpg]
[scontent-ord5-2.cdninstagram.com/v/t39.30808-6/325726438_1665288150594237_9124091785292110921_n146e.jpg]
[scontent-ord5-2.cdninstagram.com/v/t51.29350-15/325458849_889841872160274_2052186928451933778_n4324.jpg]
[scontent-ord5-2.cdninstagram.com/v/t51.29350-15/321363737_885324869458158_6388164260036503128_ne12e.jpg]
[thepadlife.com/silverthorne/wp-content/uploads/2020/07/logo-silverthorne-stem-whitebg-350x350-1-300x300.png]
[thepadlife.com/silverthorne/wp-content/uploads/2021/03/logo-certified-b-white-pending.png]
[thepadlife.com/silverthorne/wp-content/uploads/2021/03/logo-kind-traveler-certified.png]
[thepadlife.com/silverthorne/wp-content/uploads/2020/07/logo-silverthorne-stem-whitebg-150x150.png]
[thepadlife.com/silverthorne/wp-content/plugins/gtranslate/flags/32/en-us.png]
[thepadlife.com/silverthorne/wp-content/plugins/gtranslate/flags/32/es-mx.png]
[translate.google.com/translate_a/element7876.js]
[thepadlife.com/silverthorne/wp-admin/admin-ajax.php]
[thepadlife.com/silverthorne/wp-content/cache/minify/359f9.css]
[thepadlife.com/silverthorne/wp-content/cache/minify/6bdfd.css]
[thepadlife.com/silverthorne/wp-content/cache/minify/25273.js]
[thepadlife.com/silverthorne/wp-content/cache/minify/acf6a.js]
[www.google.com/recaptcha/api3263.js]
[thepadlife.com/silverthorne/wp-content/cache/minify/aec13.js]
[thepadlife.com/silverthorne/wp-content/cache/minify/2ff19.js]
[thepadlife.com/silverthorne/wp-content/cache/minify/9e86a.js]
[thepadlife.com/silverthorne/wp-content/cache/minify/73af9.js]
[thepadlife.com/silverthorne/wp-content/cache/minify/9f8f2.js]
[thepadlife.com/silverthorne/wp-content/cache/minify/84935.js]
[thepadlife.com/silverthorne/wp-content/cache/minify/2e200.js]
[thepadlife.com/silverthorne/wp-content/cache/minify/908a5.js]
[thepadlife.com/silverthorne/wp-content/cache/minify/21d41.js]
[thepadlife.com/silverthorne/wp-content/cache/minify/a7cb5.js]
[thepadlife.com/silverthorne/wp-content/cache/minify/4dc33.js]
[thepadlife.com/silverthorne/wp-content/cache/minify/3dfd1.js]
[thepadlife.com/silverthorne/wp-content/cache/minify/9ae9e.js]
[thepadlife.com/silverthorne/wp-content/cache/minify/edbec.js]
[thepadlife.com/silverthorne/wp-content/cache/minify/adf6a.js]
[thepadlife.com/silverthorne/wp-content/cache/minify/9a005.js]
[thepadlife.com/silverthorne/wp-content/cache/minify/41dcc.js]
[thepadlife.com/silverthorne/wp-content/cache/minify/9f370.js]
[thepadlife.com/silverthorne/wp-content/cache/minify/58537.js]
[thepadlife.com/silverthorne/index.html]
[thepadlife.com/silverthorne/wp-content/plugins/gtranslate/32.png]
[thepadlife.com/silverthorne/wp-content/plugins/gtranslate/32a.png]
[thepadlife.com/silverthorne/wp-content/plugins/gtranslate/alt_flags.png]
[thepadlife.com/silverthorne/wp-content/plugins/gtranslate/alt_flagsa.png]
[thepadlife.com/silverthorne/wp-content/plugins/instagram-feed-pro/img/sbi-sprite.png]
[thepadlife.com/silverthorne/wp-content/plugins/instagram-feed-pro/img/small-logo.png]
[thepadlife.com/silverthorne/wp-content/themes/Avada/assets/images/patterns/pattern1.png]
[avada.theme-fusion.com/splash/wp-content/themes/Avada/assets/images/page_title_bg.png]
[thepadlife.com/silverthorne/wp-content/themes/Avada/includes/lib/assets/fonts/icomoon/awb-icons.woff]
[thepadlife.com/silverthorne/wp-content/themes/Avada/includes/lib/assets/fonts/icomoon/awb-icons.ttf]
[thepadlife.com/silverthorne/wp-content/themes/Avada/includes/lib/assets/fonts/fontawesome/webfonts/fa-brands-400.eot]
[thepadlife.com/silverthorne/wp-content/cache/minify/a172a.css]
[thepadlife.com/silverthorne/wp-content/cache/minify/51478.js]
[thepadlife.com/silverthorne/contact/index.html]
[thepadlife.com/silverthorne/POST]
[connect.facebook.net/en_US/fbevents.js]
[thepadlife.com/silverthorne/wp-content/cache/minify/9a483.css]
[thepadlife.com/silverthorne/wp-json/wp/v2/pages/774.json]
[thepadlife.com/silverthorne/wp-json/oembed/1.0/embed0f08.json]
[thepadlife.com/silverthorne/wp-json/oembed/1.0/embed998c]
[thepadlife.com/silverthorne/rooms/_https_/thepadlife.com/silverthorne/wp-content/uploads/2022/01/the-pad-rooms-bg-v2.jpg]
[thepadlife.com/silverthorne/rooms/_https_/thepadlife.com/silverthorne/wp-content/uploads/2020/07/the-pad-a-texture-600x300-light.jpg]
[thepadlife.com/silverthorne/rooms/_https_/thepadlife.com/silverthorne/wp-content/uploads/2020/07/the-pad-a-texture-2000x100-light.jpg]
[thepadlife.com/silverthorne/wp-content/uploads/2022/01/The-pad-shared-dormsv2.jpg]
[thepadlife.com/silverthorne/wp-content/uploads/2022/07/The-pad-shared-group-400x267-1.jpg]
[thepadlife.com/silverthorne/wp-content/uploads/2021/11/491_rainbowDr_001.jpg]
[thepadlife.com/silverthorne/wp-content/uploads/2021/12/DSC_0050-2-scaled.jpg]
[thepadlife.com/silverthorne/private-group-rooms/index.html]
[thepadlife.com/silverthorne/shared-dorm/index.html]
[thepadlife.com/silverthorne/wp-content/uploads/2021/12/Family-Room-scaled.jpg]
[thepadlife.com/silverthorne/wp-content/uploads/2022/01/the-pad-private-room-wide.jpg]
[thepadlife.com/silverthorne/wp-content/uploads/2021/11/DSC_0072.jpg]
[thepadlife.com/silverthorne/family-room/index.html]
[thepadlife.com/silverthorne/wp-content/uploads/2021/12/DSC_0050-1-scaled.jpg]
[thepadlife.com/silverthorne/private-room/index.html]
[thepadlife.com/silverthorne/deluxe-private-room/index.html]
[thepadlife.com/silverthorne/container-room/index.html]
[thepadlife.com/silverthorne/micro-room-bath/index.html]
[thepadlife.com/silverthorne/micro-room/index.html]
[thepadlife.com/silverthorne/wp-content/cache/minify/25dab.js]
[thepadlife.com/silverthorne/wp-content/cache/minify/81801.js]
[thepadlife.com/silverthorne/rooms/index.html]
[thepadlife.com/silverthorne/wp-content/cache/minify/bc1ee.css]
[thepadlife.com/silverthorne/wp-json/wp/v2/pages/776.json]
[thepadlife.com/silverthorne/wp-json/oembed/1.0/embedb376.json]
[thepadlife.com/silverthorne/wp-json/oembed/1.0/embed00bc]
[thepadlife.com/silverthorne/groups-events/_https_/thepadlife.com/silverthorne/wp-content/uploads/2022/01/the-pad-event-space-photo.jpg]
[thepadlife.com/silverthorne/groups-events/_https_/thepadlife.com/silverthorne/wp-content/uploads/2020/07/the-pad-a-texture-600x300-light.jpg]
[thepadlife.com/silverthorne/groups-events/_https_/thepadlife.com/silverthorne/wp-content/uploads/2020/07/the-pad-a-texture-2000x100-light.jpg]
[thepadlife.com/silverthorne/groups-events/https_/thepadlife.com/silverthorne/wp-content/uploads/2020/07/the-pad-a-texture-2000x100-light.jpg]
[thepadlife.com/silverthorne/wp-content/cache/minify/38e39.js]
[thepadlife.com/silverthorne/groups-events/index.html]
[thepadlife.com/silverthorne/wp-json/wp/v2/pages/778.json]
[thepadlife.com/silverthorne/wp-json/oembed/1.0/embedd67b.json]
[thepadlife.com/silverthorne/wp-json/oembed/1.0/embedf9bf]
[thepadlife.com/silverthorne/eat-drink/_https_/thepadlife.com/silverthorne/wp-content/uploads/2022/01/the-pad-eat_drink-photo-v2.jpg]
[thepadlife.com/silverthorne/eat-drink/_https_/thepadlife.com/silverthorne/wp-content/uploads/2020/07/the-pad-a-texture-600x300-light.jpg]
[thepadlife.com/silverthorne/eat-drink/_https_/thepadlife.com/silverthorne/wp-content/uploads/2020/07/the-pad-a-texture-2000x100-light.jpg]
[thepadlife.com/silverthorne/eat-drink/index.html]
[thepadlife.com/silverthorne/wp-json/wp/v2/pages/1657.json]
[thepadlife.com/silverthorne/wp-json/oembed/1.0/embed2a5d.json]
[thepadlife.com/silverthorne/wp-json/oembed/1.0/embed11e8]
[thepadlife.com/silverthorne/padventures/_https_/thepadlife.com/silverthorne/wp-content/uploads/2021/11/venture-photo-2400x950-1.jpg]
[thepadlife.com/silverthorne/wp-content/uploads/2021/11/logo-padventures-800x350-white_gray.png]
[thepadlife.com/silverthorne/padventures/_https_/thepadlife.com/silverthorne/wp-content/uploads/2020/07/the-pad-a-texture-600x300-light.jpg]
[thepadlife.com/silverthorne/wp-content/uploads/2021/11/logo-padventures-800x350-gray-mobile.png]
[thepadlife.com/silverthorne/padventures/_https_/thepadlife.com/silverthorne/wp-content/uploads/2020/07/the-pad-a-texture-2000x100-light.jpg]
[thepadlife.com/silverthorne/wp-content/uploads/2021/11/Arapahoe-Basin-Logo.png]
[thepadlife.com/silverthorne/wp-content/uploads/2022/06/7.23.21-via-ferrata-lowrez-33.jpg]
[thepadlife.com/silverthorne/wp-content/uploads/2022/06/DSC_5275-1-scaled.jpg]
[thepadlife.com/silverthorne/wp-content/uploads/2021/11/CAG-logo.jpg]
[thepadlife.com/silverthorne/wp-content/uploads/2021/12/Logo-—-Bluebird-Backcountry.png]
[thepadlife.com/silverthorne/wp-content/uploads/2021/12/2022-New-Terrain-©-Bluebird-Backcountry.png]
[thepadlife.com/silverthorne/wp-content/uploads/2021/11/venture-photo-logo.jpg]
[thepadlife.com/silverthorne/wp-content/uploads/2021/11/CMC_logo_2021.jpg]
[thepadlife.com/silverthorne/wp-content/uploads/2021/11/Intuitive_Healing_sized.jpg]
[thepadlife.com/silverthorne/padventures/_https_/thepadlife.com/silverthorne/wp-content/uploads/2021/11/venture-photo-2-2400x1500-1.jpg]
[api.eventcalendarapp.com/integration-script.js]
[thepadlife.com/silverthorne/padventures/index.html]
[thepadlife.com/silverthorne/wp-json/wp/v2/pages/2283.json]
[thepadlife.com/silverthorne/wp-json/oembed/1.0/embedce29.json]
[thepadlife.com/silverthorne/wp-json/oembed/1.0/embed44e9]
[thepadlife.com/silverthorne/padhaps/_https_/thepadlife.com/silverthorne/wp-content/uploads/2022/11/IMG_2795.jpg]
[thepadlife.com/silverthorne/padhaps/_https_/thepadlife.com/silverthorne/wp-content/uploads/2020/07/the-pad-a-texture-600x300-light.jpg]
[thepadlife.com/silverthorne/padhaps/_https_/thepadlife.com/silverthorne/wp-content/uploads/2020/07/the-pad-a-texture-2000x100-light.jpg]
[thepadlife.com/silverthorne/padhaps/_https_/thepadlife.com/silverthorne/wp-content/uploads/2022/11/The-Pad-Event.jpg]
[thepadlife.com/silverthorne/padhaps/index.html]
[thepadlife.com/silverthorne/wp-json/wp/v2/pages/860.json]
[thepadlife.com/silverthorne/wp-json/oembed/1.0/embede1d6.json]
[thepadlife.com/silverthorne/wp-json/oembed/1.0/embed4fb4]
[thepadlife.com/silverthorne/about/_https_/thepadlife.com/silverthorne/wp-content/uploads/2022/01/the-pad-about-photo-v2.jpg]
[thepadlife.com/silverthorne/about/_https_/thepadlife.com/silverthorne/wp-content/uploads/2020/07/the-pad-a-texture-600x300-light.jpg]
[thepadlife.com/silverthorne/about/_https_/thepadlife.com/silverthorne/wp-content/uploads/2020/07/the-pad-a-texture-2000x100-light.jpg]
[thepadlife.com/silverthorne/wp-content/uploads/2021/03/environmental-conservation-in-the-garden-for-children-scaled.jpg]
[thepadlife.com/silverthorne/wp-content/uploads/2021/03/Rob-Lynne_pro-3.jpg]
[thepadlife.com/silverthorne/wp-content/uploads/2021/03/concept-fake-news-scaled.jpg]
[thepadlife.com/silverthorne/about/index.html]
[thepadlife.com/silverthorne/wp-json/wp/v2/pages/692.json]
[thepadlife.com/silverthorne/wp-json/oembed/1.0/embed46a5.json]
[thepadlife.com/silverthorne/wp-json/oembed/1.0/embedcf96]
[thepadlife.com/silverthorne/our-values/_https_/thepadlife.com/silverthorne/wp-content/uploads/2021/03/Tripp-Fay_sunset-scaled.jpg]
[thepadlife.com/silverthorne/our-values/_https_/thepadlife.com/silverthorne/wp-content/uploads/2020/07/the-pad-a-texture-600x300-light.jpg]
[thepadlife.com/silverthorne/our-values/_https_/thepadlife.com/silverthorne/wp-content/uploads/2020/07/the-pad-a-texture-2000x100-light.jpg]
[thepadlife.com/silverthorne/wp-content/uploads/2021/03/achievement-business-goal-success-concept-scaled.jpg]
[thepadlife.com/silverthorne/our-values/_https_/thepadlife.com/silverthorne/wp-content/uploads/2021/03/Shane-Morris_Lily-Pad-Trail3-scaled.jpg]
[thepadlife.com/silverthorne/wp-content/uploads/2021/03/couple-tourists-with-backpacks-mountain.jpg]
[thepadlife.com/silverthorne/our-values/_https_/thepadlife.com/silverthorne/wp-content/uploads/2021/03/Shane-Morris_Lily-Pad-Trail5-scaled.jpg]
[thepadlife.com/silverthorne/wp-content/uploads/2021/03/logo-thread_talk.jpg]
[thepadlife.com/silverthorne/wp-content/uploads/2021/03/logo-soapbox.png]
[thepadlife.com/silverthorne/wp-content/uploads/2021/03/logo-givn-water.png]
[thepadlife.com/silverthorne/wp-content/uploads/2021/03/logo-eco-products.jpg]
[thepadlife.com/silverthorne/wp-content/uploads/2021/03/logo-reel-paper.png]
[thepadlife.com/silverthorne/wp-content/uploads/2021/03/logo-breck-coffee-roasters.png]
[thepadlife.com/silverthorne/wp-content/uploads/2021/03/logo-westpoint.png]
[thepadlife.com/silverthorne/wp-content/uploads/2021/03/logo-miir.png]
[thepadlife.com/silverthorne/wp-content/uploads/2021/03/logo-phunkshun.png]
[thepadlife.com/silverthorne/wp-content/uploads/2021/03/logo-WWMS-2.jpg]
[thepadlife.com/silverthorne/our-values/index.html]
[thepadlife.com/silverthorne/wp-json/wp/v2/pages/784.json]
[thepadlife.com/silverthorne/wp-json/oembed/1.0/embed783f.json]
[thepadlife.com/silverthorne/wp-json/oembed/1.0/embed43c3]
[thepadlife.com/silverthorne/our-team/_https_/thepadlife.com/silverthorne/wp-content/uploads/2021/03/Lake-Dillon-.jpg]
[thepadlife.com/silverthorne/our-team/_https_/thepadlife.com/silverthorne/wp-content/uploads/2020/07/the-pad-a-texture-600x300-light.jpg]
[thepadlife.com/silverthorne/our-team/_https_/thepadlife.com/silverthorne/wp-content/uploads/2020/07/the-pad-a-texture-2000x100-light.jpg]
[thepadlife.com/silverthorne/wp-content/uploads/2021/03/Rob-Lynne_fun-2.jpg]
[thepadlife.com/silverthorne/wp-content/uploads/2021/03/Abbey_pro.jpg]
[thepadlife.com/silverthorne/wp-content/uploads/2021/03/Photo-Of-Scott-IMG_2828-4000x4000x-scaled.jpg]
[thepadlife.com/silverthorne/wp-content/uploads/2021/03/silhouette-of-group-people-have-fun-at-the-top-of-the-mountain-near-the-tent-during-the-sunset-scaled.jpg]
[thepadlife.com/silverthorne/our-team/index.html]
[thepadlife.com/silverthorne/wp-content/uploads/2022/01/PAD_Additional_Parking.jpg]
[thepadlife.com/silverthorne/wp-json/wp/v2/pages/1943.json]
[thepadlife.com/silverthorne/wp-json/oembed/1.0/embed1394.json]
[thepadlife.com/silverthorne/wp-json/oembed/1.0/embed16a1]
[thepadlife.com/silverthorne/faq/_https_/thepadlife.com/silverthorne/wp-content/uploads/2021/03/Shane-Morris_Blue-River-retouch-scaled.jpg]
[thepadlife.com/silverthorne/faq/_https_/thepadlife.com/silverthorne/wp-content/uploads/2020/07/the-pad-a-texture-600x300-light.jpg]
[thepadlife.com/silverthorne/faq/_https_/thepadlife.com/silverthorne/wp-content/uploads/2020/07/the-pad-a-texture-2000x100-light.jpg]
[thepadlife.com/silverthorne/wp-content/uploads/2022/01/PAD_Additional_Parking.pdf]
[thepadlife.com/silverthorne/wp-content/cache/minify/f738f.js]
[thepadlife.com/silverthorne/wp-content/cache/minify/c90e2.js]
[thepadlife.com/silverthorne/wp-content/cache/minify/52033.js]
[thepadlife.com/silverthorne/wp-content/cache/minify/b8353.js]
[thepadlife.com/silverthorne/faq/index.html]
[thepadlife.com/silverthorne/wp-json/wp/v2/pages/780.json]
[thepadlife.com/silverthorne/wp-json/oembed/1.0/embedc500.json]
[thepadlife.com/silverthorne/wp-json/oembed/1.0/embed1f2e]
[thepadlife.com/silverthorne/press/_https_/thepadlife.com/silverthorne/wp-content/uploads/2021/03/close-up-typing-male-hands-scaled.jpg]
[thepadlife.com/silverthorne/press/_https_/thepadlife.com/silverthorne/wp-content/uploads/2020/07/the-pad-a-texture-600x300-light.jpg]
[thepadlife.com/silverthorne/press/_https_/thepadlife.com/silverthorne/wp-content/uploads/2020/07/the-pad-a-texture-2000x100-light.jpg]
[thepadlife.com/silverthorne/wp-content/uploads/2022/03/SB_Spring2022-The_Pad.pdf]
[thepadlife.com/silverthorne/wp-content/uploads/2021/08/travel_and_leisure_the_pad_july_2020.pdf]
[thepadlife.com/silverthorne/press/index.html]
[thepadlife.com/silverthorne/wp-json/wp/v2/pages/471.json]
[thepadlife.com/silverthorne/wp-json/oembed/1.0/embede377.json]
[thepadlife.com/silverthorne/wp-json/oembed/1.0/embed0fd3]
[thepadlife.com/silverthorne/booking/_https_/thepadlife.com/silverthorne/wp-content/uploads/2022/04/the-pad-exterior-scaled.jpeg]
[thepadlife.com/silverthorne/booking/_https_/thepadlife.com/silverthorne/wp-content/uploads/2020/07/the-pad-a-texture-600x300-light.jpg]
[thepadlife.com/silverthorne/booking/_https_/thepadlife.com/silverthorne/wp-content/uploads/2020/07/the-pad-a-texture-2000x100-light.jpg]
[thepadlife.com/silverthorne/booking/index.html]
[thepadlife.com/silverthorne/wp-content/cache/minify/b2b5b.css]
[thepadlife.com/silverthorne/author/scottydoo/feed/index.html]
[thepadlife.com/silverthorne/wp-json/wp/v2/users/2.json]
[thepadlife.com/silverthorne/author/scottydoo/_https_/thepadlife.com/silverthorne/wp-content/uploads/2020/07/the-pad-a-texture-2000x100-light.jpg]
[thepadlife.com/silverthorne/wp-content/cache/minify/5e94f.js]
[thepadlife.com/silverthorne/wp-content/cache/minify/428fc.js]
[thepadlife.com/silverthorne/wp-content/cache/minify/1bc1f.js]
[thepadlife.com/silverthorne/wp-content/cache/minify/0d1eb.js]
[thepadlife.com/silverthorne/wp-content/cache/minify/da180.js]
[thepadlife.com/silverthorne/wp-content/cache/minify/8be07.js]
[thepadlife.com/silverthorne/author/scottydoo/index.html]
[thepadlife.com/silverthorne/wp-content/cache/minify/ce5d8.js]
[thepadlife.com/silverthorne/_https_/thepadlife.com/silverthorne/wp-content/uploads/2020/07/the-pad-a-texture-600x300-light.html]
[thepadlife.com/silverthorne/_https_/thepadlife.com/silverthorne/wp-content/uploads/2020/07/the-pad-a-texture-2000x100-light.html]
[thepadlife.com/silverthorne/_https_/thepadlife.com/silverthorne/wp-content/uploads/2021/11/Blue-River_1-scaled.html]
[thepadlife.com/silverthorne/_https_/thepadlife.com/silverthorne/wp-content/uploads/2022/01/the-pad-event-space-photo.html]
[thepadlife.com/silverthorne/https_/thepadlife.com/silverthorne/wp-content/uploads/2020/07/the-pad-a-texture-2000x100-light.html]
[thepadlife.com/silverthorne/wp-content/cache/minify/b1378.css]
[thepadlife.com/silverthorne/wp-json/wp/v2/pages/337.json]
[thepadlife.com/silverthorne/wp-json/oembed/1.0/embed0ca4.json]
[thepadlife.com/silverthorne/wp-json/oembed/1.0/embeddeab]
[thepadlife.com/silverthorne/privacy-policy/_https_/thepadlife.com/silverthorne/wp-content/uploads/2020/07/the-pad-a-texture-2000x100-light.jpg]
[thepadlife.com/silverthorne/privacy-policy/index.html]
[thepadlife.com/silverthorne/wp-admin/admin-ajax.html]
[thepadlife.com/silverthorne/wp-content/cache/minify/359f9.css]
[thepadlife.com/silverthorne/wp-content/cache/minify/6bdfd.css]
[thepadlife.com/silverthorne/wp-content/cache/minify/25273.js]
[thepadlife.com/silverthorne/wp-content/cache/minify/acf6a.js]
[thepadlife.com/silverthorne/wp-content/cache/minify/aec13.js]
[thepadlife.com/silverthorne/wp-content/cache/minify/2ff19.js]
[thepadlife.com/silverthorne/[a-z]
[thepadlife.com/silverthorne/audio.ogg]
[thepadlife.com/silverthorne/audio.mp3]
[thepadlife.com/silverthorne/audio.wav]
[thepadlife.com/silverthorne/video.ogg]
[thepadlife.com/silverthorne/wp-content/cache/minify/9e86a.js]
[thepadlife.com/silverthorne/wp-content/cache/minify/73af9.js]
[thepadlife.com/silverthorne/wp-content/cache/minify/9f8f2.js]
[thepadlife.com/silverthorne/+this.settings.image+]
[thepadlife.com/silverthorne/wp-content/cache/minify/84935.js]
[thepadlife.com/silverthorne/wp-content/cache/minify/2e200.js]
[thepadlife.com/silverthorne/wp-content/cache/minify/908a5.js]
[thepadlife.com/silverthorne/wp-content/cache/minify/21d41.js]
[thepadlife.com/silverthorne/wp-content/cache/minify/a7cb5.js]
[thepadlife.com/silverthorne/wp-content/cache/minify/4dc33.js]
[thepadlife.com/silverthorne/wp-content/cache/minify/3dfd1.js]
[thepadlife.com/silverthorne/wp-content/cache/minify/9ae9e.js]
[thepadlife.com/silverthorne/wp-content/cache/minify/edbec.js]
[thepadlife.com/silverthorne/wp-content/cache/minify/adf6a.js]
[thepadlife.com/silverthorne/wp-content/cache/minify/9a005.js]
[thepadlife.com/silverthorne/wp-content/cache/minify/41dcc.js]
[thepadlife.com/silverthorne/wp-content/cache/minify/9f370.js]
[thepadlife.com/silverthorne/wp-content/cache/minify/58537.js]
[thepadlife.com/silverthorne/wp-content/themes/Avada/includes/lib/assets/fonts/icomoon/awb-icons.svg]
[thepadlife.com/silverthorne/video/index.html]
[thepadlife.com/silverthorne/image/index.html]
[thepadlife.com/silverthorne/wp-json/wp/v2/pages/786.json]
[thepadlife.com/silverthorne/wp-json/oembed/1.0/embed076f.json]
[thepadlife.com/silverthorne/wp-json/oembed/1.0/embedc460]
[thepadlife.com/silverthorne/contact/_https_/thepadlife.com/silverthorne/wp-content/uploads/2020/07/the-pad-a-texture-2000x100-light.jpg]
[thepadlife.com/silverthorne/contact/index.html]
[thepadlife.com/silverthorne/POST.html]
[thepadlife.com/silverthorne/wp-content/uploads/2020/07/the-pad-a-texture-2000x100-light.jpg]
[thepadlife.com/silverthorne/wp-content/uploads/fusion-styles/Array]
[thepadlife.com/silverthorne/wp-content/cache/minify/9a483.css]
[thepadlife.com/silverthorne/indexa8d4.html]
[thepadlife.com/silverthorne/rooms/_https_/thepadlife.com/silverthorne/wp-content/uploads/2022/01/the-pad-rooms-bg-v2.html]
[thepadlife.com/silverthorne/rooms/_https_/thepadlife.com/silverthorne/wp-content/uploads/2020/07/the-pad-a-texture-600x300-light.html]
[thepadlife.com/silverthorne/rooms/_https_/thepadlife.com/silverthorne/wp-content/uploads/2020/07/the-pad-a-texture-2000x100-light.html]
[thepadlife.com/silverthorne/wp-json/wp/v2/pages/937.json]
[thepadlife.com/silverthorne/wp-json/oembed/1.0/embed95b1.json]
[thepadlife.com/silverthorne/wp-json/oembed/1.0/embed2ec7]
[thepadlife.com/silverthorne/shared-dorm/_https_/thepadlife.com/silverthorne/wp-content/uploads/2022/01/the-pad-rooms-bg-v2.jpg]
[thepadlife.com/silverthorne/shared-dorm/_https_/thepadlife.com/silverthorne/wp-content/uploads/2020/07/the-pad-a-texture-600x300-light.jpg]
[thepadlife.com/silverthorne/shared-dorm/_https_/thepadlife.com/silverthorne/wp-content/uploads/2020/07/the-pad-a-texture-2000x100-light.jpg]
[thepadlife.com/silverthorne/wp-content/uploads/2022/01/The-pad-shared-dormsv3.jpg]
[thepadlife.com/silverthorne/wp-content/uploads/2021/11/491_rainbowDr_008_1.jpg]
[thepadlife.com/silverthorne/wp-content/uploads/2021/11/491_rainbowDr_009_1.jpg]
[thepadlife.com/silverthorne/wp-content/uploads/2022/01/The-pad-community-kitchen.jpg]
[thepadlife.com/silverthorne/wp-content/cache/minify/1aac5.js]
[thepadlife.com/silverthorne/wp-content/cache/minify/14e2c.js]
[thepadlife.com/silverthorne/wp-content/cache/minify/0e406.js]
[thepadlife.com/silverthorne/shared-dorm/index.html]
[thepadlife.com/silverthorne/wp-json/wp/v2/pages/2188.json]
[thepadlife.com/silverthorne/wp-json/oembed/1.0/embed0372.json]
[thepadlife.com/silverthorne/wp-json/oembed/1.0/embed52ab]
[thepadlife.com/silverthorne/private-group-rooms/_https_/thepadlife.com/silverthorne/wp-content/uploads/2022/01/the-pad-rooms-bg-v2.jpg]
[thepadlife.com/silverthorne/private-group-rooms/_https_/thepadlife.com/silverthorne/wp-content/uploads/2020/07/the-pad-a-texture-600x300-light.jpg]
[thepadlife.com/silverthorne/private-group-rooms/_https_/thepadlife.com/silverthorne/wp-content/uploads/2020/07/the-pad-a-texture-2000x100-light.jpg]
[thepadlife.com/silverthorne/private-group-rooms/index.html]
[thepadlife.com/silverthorne/wp-json/wp/v2/pages/949.json]
[thepadlife.com/silverthorne/wp-json/oembed/1.0/embed8537.json]
[thepadlife.com/silverthorne/wp-json/oembed/1.0/embedee6a]
[thepadlife.com/silverthorne/micro-room/_https_/thepadlife.com/silverthorne/wp-content/uploads/2022/01/the-pad-rooms-bg-v2.jpg]
[thepadlife.com/silverthorne/micro-room/_https_/thepadlife.com/silverthorne/wp-content/uploads/2020/07/the-pad-a-texture-600x300-light.jpg]
[thepadlife.com/silverthorne/micro-room/_https_/thepadlife.com/silverthorne/wp-content/uploads/2020/07/the-pad-a-texture-2000x100-light.jpg]
[thepadlife.com/silverthorne/wp-content/uploads/2021/11/491_rainbowDr_002.jpg]
[thepadlife.com/silverthorne/micro-room/index.html]
[thepadlife.com/silverthorne/wp-json/wp/v2/pages/951.json]
[thepadlife.com/silverthorne/wp-json/oembed/1.0/embedc183.json]
[thepadlife.com/silverthorne/wp-json/oembed/1.0/embed4c86]
[thepadlife.com/silverthorne/micro-room-bath/_https_/thepadlife.com/silverthorne/wp-content/uploads/2022/01/the-pad-rooms-bg-v2.jpg]
[thepadlife.com/silverthorne/micro-room-bath/_https_/thepadlife.com/silverthorne/wp-content/uploads/2020/07/the-pad-a-texture-600x300-light.jpg]
[thepadlife.com/silverthorne/micro-room-bath/_https_/thepadlife.com/silverthorne/wp-content/uploads/2020/07/the-pad-a-texture-2000x100-light.jpg]
[thepadlife.com/silverthorne/wp-content/uploads/2021/12/MicroBath-02.jpg]
[thepadlife.com/silverthorne/wp-content/uploads/2021/12/MicroBath-03.jpg]
[thepadlife.com/silverthorne/wp-content/uploads/2021/12/MicroBath-01-1.jpg]
[thepadlife.com/silverthorne/wp-content/uploads/2021/12/MicroBath-04.jpg]
[thepadlife.com/silverthorne/wp-content/uploads/2021/12/MicroBath-05.jpg]
[thepadlife.com/silverthorne/micro-room-bath/index.html]
[thepadlife.com/silverthorne/wp-json/wp/v2/pages/953.json]
[thepadlife.com/silverthorne/wp-json/oembed/1.0/embed775b.json]
[thepadlife.com/silverthorne/wp-json/oembed/1.0/embedbe17]
[thepadlife.com/silverthorne/family-room/_https_/thepadlife.com/silverthorne/wp-content/uploads/2022/01/the-pad-rooms-bg-v2.jpg]
[thepadlife.com/silverthorne/family-room/_https_/thepadlife.com/silverthorne/wp-content/uploads/2020/07/the-pad-a-texture-600x300-light.jpg]
[thepadlife.com/silverthorne/family-room/_https_/thepadlife.com/silverthorne/wp-content/uploads/2020/07/the-pad-a-texture-2000x100-light.jpg]
[thepadlife.com/silverthorne/wp-content/uploads/2021/12/Family-Room-04.jpg]
[thepadlife.com/silverthorne/wp-content/uploads/2021/12/Family-Room-03.jpg]
[thepadlife.com/silverthorne/wp-content/uploads/2021/12/Family-Room-02.jpg]
[thepadlife.com/silverthorne/wp-content/uploads/2021/12/Family-Room-01.jpg]
[thepadlife.com/silverthorne/family-room/index.html]
[thepadlife.com/silverthorne/wp-json/wp/v2/pages/955.json]
[thepadlife.com/silverthorne/wp-json/oembed/1.0/embed36e5.json]
[thepadlife.com/silverthorne/wp-json/oembed/1.0/embed5e37]
[thepadlife.com/silverthorne/private-room/_https_/thepadlife.com/silverthorne/wp-content/uploads/2022/01/the-pad-rooms-bg-v2.jpg]
[thepadlife.com/silverthorne/private-room/_https_/thepadlife.com/silverthorne/wp-content/uploads/2020/07/the-pad-a-texture-600x300-light.jpg]
[thepadlife.com/silverthorne/private-room/_https_/thepadlife.com/silverthorne/wp-content/uploads/2020/07/the-pad-a-texture-2000x100-light.jpg]
[thepadlife.com/silverthorne/wp-content/uploads/2021/12/Standard-Private-Room-04.jpg]
[thepadlife.com/silverthorne/wp-content/uploads/2021/12/Standard-Private-Room-05.jpg]
[thepadlife.com/silverthorne/wp-content/uploads/2021/12/Standard-Private-Room-01.jpg]
[thepadlife.com/silverthorne/wp-content/uploads/2021/11/491_rainbowDr_007.jpg]
[thepadlife.com/silverthorne/private-room/index.html]
[thepadlife.com/silverthorne/wp-json/wp/v2/pages/957.json]
[thepadlife.com/silverthorne/wp-json/oembed/1.0/embed8ab9.json]
[thepadlife.com/silverthorne/wp-json/oembed/1.0/embed91a8]
[thepadlife.com/silverthorne/deluxe-private-room/_https_/thepadlife.com/silverthorne/wp-content/uploads/2022/01/the-pad-rooms-bg-v2.jpg]
[thepadlife.com/silverthorne/deluxe-private-room/_https_/thepadlife.com/silverthorne/wp-content/uploads/2020/07/the-pad-a-texture-600x300-light.21c.delayed]
[thepadlife.com/silverthorne/deluxe-private-room/_https_/thepadlife.com/silverthorne/wp-content/uploads/2020/07/the-pad-a-texture-2000x100-light.jpg]
[thepadlife.com/silverthorne/wp-content/uploads/2021/11/491_rainbowDr_012.jpg]
[thepadlife.com/silverthorne/wp-content/uploads/2021/11/491_rainbowDr_010.jpg]
[thepadlife.com/silverthorne/wp-content/uploads/2021/11/491_rainbowDr_006.jpg]
[thepadlife.com/silverthorne/deluxe-private-room/index.html]
[thepadlife.com/silverthorne/wp-json/wp/v2/pages/959.json]
[thepadlife.com/silverthorne/wp-json/oembed/1.0/embed680f.json]
[thepadlife.com/silverthorne/wp-json/oembed/1.0/embeda301]
[thepadlife.com/silverthorne/container-room/_https_/thepadlife.com/silverthorne/wp-content/uploads/2022/01/the-pad-rooms-bg-v2.jpg]
[thepadlife.com/silverthorne/container-room/_https_/thepadlife.com/silverthorne/wp-content/uploads/2020/07/the-pad-a-texture-600x300-light.jpg]
[thepadlife.com/silverthorne/container-room/_https_/thepadlife.com/silverthorne/wp-content/uploads/2020/07/the-pad-a-texture-2000x100-light.jpg]
[thepadlife.com/silverthorne/container-room/index.html]
[thepadlife.com/silverthorne/rooms/audio.ogg]
[thepadlife.com/silverthorne/rooms/audio.mp3]
[thepadlife.com/silverthorne/rooms/audio.wav]
[thepadlife.com/silverthorne/rooms/video.ogg]
[thepadlife.com/silverthorne/wp-content/cache/minify/25dab.js]
[thepadlife.com/silverthorne/wp-content/cache/minify/81801.js]
[thepadlife.com/silverthorne/wp-content/cache/minify/bc1ee.css]
[thepadlife.com/silverthorne/indexb63e.html]
[thepadlife.com/silverthorne/groups-events/_https_/thepadlife.com/silverthorne/wp-content/uploads/2022/01/the-pad-event-space-photo.html]
[thepadlife.com/silverthorne/groups-events/_https_/thepadlife.com/silverthorne/wp-content/uploads/2020/07/the-pad-a-texture-600x300-light.html]
[thepadlife.com/silverthorne/groups-events/_https_/thepadlife.com/silverthorne/wp-content/uploads/2020/07/the-pad-a-texture-2000x100-light.html]
[thepadlife.com/silverthorne/groups-events/https_/thepadlife.com/silverthorne/wp-content/uploads/2020/07/the-pad-a-texture-2000x100-light.html]
[thepadlife.com/silverthorne/wp-content/cache/minify/38e39.js]
[thepadlife.com/silverthorne/index336f.html]
[thepadlife.com/silverthorne/eat-drink/_https_/thepadlife.com/silverthorne/wp-content/uploads/2022/01/the-pad-eat_drink-photo-v2.html]
[thepadlife.com/silverthorne/eat-drink/_https_/thepadlife.com/silverthorne/wp-content/uploads/2020/07/the-pad-a-texture-600x300-light.html]
[thepadlife.com/silverthorne/eat-drink/_https_/thepadlife.com/silverthorne/wp-content/uploads/2020/07/the-pad-a-texture-2000x100-light.html]
[thepadlife.com/silverthorne/indexcf56.html]
[thepadlife.com/silverthorne/padventures/_https_/thepadlife.com/silverthorne/wp-content/uploads/2021/11/venture-photo-2400x950-1.html]
[thepadlife.com/silverthorne/padventures/_https_/thepadlife.com/silverthorne/wp-content/uploads/2020/07/the-pad-a-texture-600x300-light.html]
[thepadlife.com/silverthorne/padventures/_https_/thepadlife.com/silverthorne/wp-content/uploads/2020/07/the-pad-a-texture-2000x100-light.html]
[thepadlife.com/silverthorne/padventures/_https_/thepadlife.com/silverthorne/wp-content/uploads/2021/11/venture-photo-2-2400x1500-1.html]
[thepadlife.com/silverthorne/index1001.html]
[thepadlife.com/silverthorne/padhaps/_https_/thepadlife.com/silverthorne/wp-content/uploads/2022/11/IMG_2795.html]
[thepadlife.com/silverthorne/padhaps/_https_/thepadlife.com/silverthorne/wp-content/uploads/2020/07/the-pad-a-texture-600x300-light.html]
[thepadlife.com/silverthorne/padhaps/_https_/thepadlife.com/silverthorne/wp-content/uploads/2020/07/the-pad-a-texture-2000x100-light.html]
[thepadlife.com/silverthorne/padhaps/_https_/thepadlife.com/silverthorne/wp-content/uploads/2022/11/The-Pad-Event.html]
[thepadlife.com/silverthorne/index08e2.html]
[thepadlife.com/silverthorne/about/_https_/thepadlife.com/silverthorne/wp-content/uploads/2022/01/the-pad-about-photo-v2.html]
[thepadlife.com/silverthorne/about/_https_/thepadlife.com/silverthorne/wp-content/uploads/2020/07/the-pad-a-texture-600x300-light.html]
[thepadlife.com/silverthorne/about/_https_/thepadlife.com/silverthorne/wp-content/uploads/2020/07/the-pad-a-texture-2000x100-light.html]
[thepadlife.com/silverthorne/index820c.html]
[thepadlife.com/silverthorne/our-values/_https_/thepadlife.com/silverthorne/wp-content/uploads/2021/03/Tripp-Fay_sunset-scaled.html]
[thepadlife.com/silverthorne/our-values/_https_/thepadlife.com/silverthorne/wp-content/uploads/2020/07/the-pad-a-texture-600x300-light.html]
[thepadlife.com/silverthorne/our-values/_https_/thepadlife.com/silverthorne/wp-content/uploads/2020/07/the-pad-a-texture-2000x100-light.html]
[thepadlife.com/silverthorne/our-values/_https_/thepadlife.com/silverthorne/wp-content/uploads/2021/03/Shane-Morris_Lily-Pad-Trail3-scaled.html]
[thepadlife.com/silverthorne/our-values/_https_/thepadlife.com/silverthorne/wp-content/uploads/2021/03/Shane-Morris_Lily-Pad-Trail5-scaled.html]
[thepadlife.com/silverthorne/indexf9ae.html]
[thepadlife.com/silverthorne/our-team/_https_/thepadlife.com/silverthorne/wp-content/uploads/2021/03/Lake-Dillon-.html]
[thepadlife.com/silverthorne/our-team/_https_/thepadlife.com/silverthorne/wp-content/uploads/2020/07/the-pad-a-texture-600x300-light.html]
[thepadlife.com/silverthorne/our-team/_https_/thepadlife.com/silverthorne/wp-content/uploads/2020/07/the-pad-a-texture-2000x100-light.html]
[thepadlife.com/silverthorne/index3ba2.html]
[thepadlife.com/silverthorne/faq/_https_/thepadlife.com/silverthorne/wp-content/uploads/2021/03/Shane-Morris_Blue-River-retouch-scaled.html]
[thepadlife.com/silverthorne/faq/_https_/thepadlife.com/silverthorne/wp-content/uploads/2020/07/the-pad-a-texture-600x300-light.html]
[thepadlife.com/silverthorne/faq/_https_/thepadlife.com/silverthorne/wp-content/uploads/2020/07/the-pad-a-texture-2000x100-light.html]
[thepadlife.com/silverthorne/wp-content/cache/minify/f738f.js]
[thepadlife.com/silverthorne/wp-content/cache/minify/c90e2.js]
[thepadlife.com/silverthorne/faq/video/index.html]
[thepadlife.com/silverthorne/faq/image/index.html]
[thepadlife.com/silverthorne/faq/+this.settings.243.delayed]
[thepadlife.com/silverthorne/wp-content/cache/minify/52033.js]
[thepadlife.com/silverthorne/wp-content/cache/minify/b8353.js]
[thepadlife.com/silverthorne/index21b7.html]
[thepadlife.com/silverthorne/press/_https_/thepadlife.com/silverthorne/wp-content/uploads/2021/03/close-up-typing-male-hands-scaled.html]
[thepadlife.com/silverthorne/press/_https_/thepadlife.com/silverthorne/wp-content/uploads/2020/07/the-pad-a-texture-600x300-light.html]
[thepadlife.com/silverthorne/press/_https_/thepadlife.com/silverthorne/wp-content/uploads/2020/07/the-pad-a-texture-2000x100-light.html]
[thepadlife.com/silverthorne/index2c5f.html]
[thepadlife.com/silverthorne/booking/_https_/thepadlife.com/silverthorne/wp-content/uploads/2022/04/the-pad-exterior-scaled.html]
[thepadlife.com/silverthorne/booking/_https_/thepadlife.com/silverthorne/wp-content/uploads/2020/07/the-pad-a-texture-600x300-light.html]
[thepadlife.com/silverthorne/booking/_https_/thepadlife.com/silverthorne/wp-content/uploads/2020/07/the-pad-a-texture-2000x100-light.html]
[thepadlife.com/silverthorne/wp-content/cache/minify/b2b5b.css]
[thepadlife.com/silverthorne/author/scottydoo/_https_/thepadlife.com/silverthorne/wp-content/uploads/2020/07/the-pad-a-texture-2000x100-light.html]
[thepadlife.com/silverthorne/wp-content/cache/minify/5e94f.js]
[thepadlife.com/silverthorne/author/scottydoo/video/index.html]
[thepadlife.com/silverthorne/author/scottydoo/image/index.html]
[thepadlife.com/silverthorne/author/scottydoo/+this.settings.244.delayed]
[thepadlife.com/silverthorne/wp-content/cache/minify/428fc.js]
[thepadlife.com/silverthorne/wp-content/cache/minify/1bc1f.js]
[thepadlife.com/silverthorne/wp-content/cache/minify/0d1eb.js]
[thepadlife.com/silverthorne/wp-content/cache/minify/da180.js]
[thepadlife.com/silverthorne/wp-content/cache/minify/8be07.js]
[thepadlife.com/silverthorne/wp-content/cache/minify/b1378.css]
[thepadlife.com/silverthorne/indexf6a9.html]
[thepadlife.com/silverthorne/privacy-policy/_https_/thepadlife.com/silverthorne/wp-content/uploads/2020/07/the-pad-a-texture-2000x100-light.html]
[thepadlife.com/silverthorne/[a-z.html]
[thepadlife.com/silverthorne/audio.html]
[thepadlife.com/silverthorne/audio-2.html]
[thepadlife.com/silverthorne/audio-3.html]
[thepadlife.com/silverthorne/video.html]
[thepadlife.com/silverthorne/video/index.html]
[thepadlife.com/silverthorne/image/index.html]
[thepadlife.com/silverthorne/+this.settings.html]
[thepadlife.com/silverthorne/index4ab5.html]
[thepadlife.com/silverthorne/contact/_https_/thepadlife.com/silverthorne/wp-content/uploads/2020/07/the-pad-a-texture-2000x100-light.html]
[thepadlife.com/silverthorne/wp-content/uploads/fusion-styles/Array.html]
[thepadlife.com/silverthorne/indexd0ff.html]
[thepadlife.com/silverthorne/shared-dorm/_https_/thepadlife.com/silverthorne/wp-content/uploads/2022/01/the-pad-rooms-bg-v2.html]
[thepadlife.com/silverthorne/shared-dorm/_https_/thepadlife.com/silverthorne/wp-content/uploads/2020/07/the-pad-a-texture-600x300-light.html]
[thepadlife.com/silverthorne/shared-dorm/_https_/thepadlife.com/silverthorne/wp-content/uploads/2020/07/the-pad-a-texture-2000x100-light.html]
[thepadlife.com/silverthorne/shared-dorm/l]
[thepadlife.com/silverthorne/wp-content/cache/minify/1aac5.js]
[thepadlife.com/silverthorne/wp-content/cache/minify/14e2c.js]
[thepadlife.com/silverthorne/wp-content/cache/minify/0e406.js]
[thepadlife.com/silverthorne/index5c87.html]
[thepadlife.com/silverthorne/private-group-rooms/_https_/thepadlife.com/silverthorne/wp-content/uploads/2022/01/the-pad-rooms-bg-v2.html]
[thepadlife.com/silverthorne/private-group-rooms/_https_/thepadlife.com/silverthorne/wp-content/uploads/2020/07/the-pad-a-texture-600x300-light.html]
[thepadlife.com/silverthorne/private-group-rooms/_https_/thepadlife.com/silverthorne/wp-content/uploads/2020/07/the-pad-a-texture-2000x100-light.html]
[thepadlife.com/silverthorne/index6028.html]
[thepadlife.com/silverthorne/micro-room/_https_/thepadlife.com/silverthorne/wp-content/uploads/2022/01/the-pad-rooms-bg-v2.html]
[thepadlife.com/silverthorne/micro-room/_https_/thepadlife.com/silverthorne/wp-content/uploads/2020/07/the-pad-a-texture-600x300-light.html]
[thepadlife.com/silverthorne/micro-room/_https_/thepadlife.com/silverthorne/wp-content/uploads/2020/07/the-pad-a-texture-2000x100-light.html]
[thepadlife.com/silverthorne/index80d6.html]
[thepadlife.com/silverthorne/micro-room-bath/_https_/thepadlife.com/silverthorne/wp-content/uploads/2022/01/the-pad-rooms-bg-v2.html]
[thepadlife.com/silverthorne/micro-room-bath/_https_/thepadlife.com/silverthorne/wp-content/uploads/2020/07/the-pad-a-texture-600x300-light.html]
[thepadlife.com/silverthorne/micro-room-bath/_https_/thepadlife.com/silverthorne/wp-content/uploads/2020/07/the-pad-a-texture-2000x100-light.html]
[thepadlife.com/silverthorne/index342f.html]
[thepadlife.com/silverthorne/family-room/_https_/thepadlife.com/silverthorne/wp-content/uploads/2022/01/the-pad-rooms-bg-v2.html]
[thepadlife.com/silverthorne/family-room/_https_/thepadlife.com/silverthorne/wp-content/uploads/2020/07/the-pad-a-texture-600x300-light.html]
[thepadlife.com/silverthorne/family-room/_https_/thepadlife.com/silverthorne/wp-content/uploads/2020/07/the-pad-a-texture-2000x100-light.html]
[thepadlife.com/silverthorne/index2026.html]
[thepadlife.com/silverthorne/private-room/_https_/thepadlife.com/silverthorne/wp-content/uploads/2022/01/the-pad-rooms-bg-v2.html]
[thepadlife.com/silverthorne/private-room/_https_/thepadlife.com/silverthorne/wp-content/uploads/2020/07/the-pad-a-texture-600x300-light.html]
[thepadlife.com/silverthorne/private-room/_https_/thepadlife.com/silverthorne/wp-content/uploads/2020/07/the-pad-a-texture-2000x100-light.html]
[thepadlife.com/silverthorne/index9a38.html]
[thepadlife.com/silverthorne/deluxe-private-room/_https_/thepadlife.com/silverthorne/wp-content/uploads/2022/01/the-pad-rooms-bg-v2.html]
[thepadlife.com/silverthorne/deluxe-private-room/_https_/thepadlife.com/silverthorne/wp-content/uploads/2020/07/the-pad-a-texture-600x300-light.html]
[thepadlife.com/silverthorne/deluxe-private-room/_https_/thepadlife.com/silverthorne/wp-content/uploads/2020/07/the-pad-a-texture-2000x100-light.html]
[thepadlife.com/silverthorne/index821a.html]
[thepadlife.com/silverthorne/container-room/_https_/thepadlife.com/silverthorne/wp-content/uploads/2022/01/the-pad-rooms-bg-v2.html]
[thepadlife.com/silverthorne/container-room/_https_/thepadlife.com/silverthorne/wp-content/uploads/2020/07/the-pad-a-texture-600x300-light.html]
[thepadlife.com/silverthorne/container-room/_https_/thepadlife.com/silverthorne/wp-content/uploads/2020/07/the-pad-a-texture-2000x100-light.html]
[thepadlife.com/silverthorne/rooms/audio.html]
[thepadlife.com/silverthorne/rooms/audio-2.html]
[thepadlife.com/silverthorne/rooms/audio-3.html]
[thepadlife.com/silverthorne/rooms/video.html]
[thepadlife.com/silverthorne/faq/video/index.html]
[thepadlife.com/silverthorne/faq/image/index.html]
[thepadlife.com/silverthorne/faq/+this.settings.html]
[thepadlife.com/silverthorne/author/scottydoo/video/index.html]
[thepadlife.com/silverthorne/author/scottydoo/image/index.html]
[thepadlife.com/silverthorne/author/scottydoo/+this.settings.html]
[thepadlife.com/silverthorne/shared-dorm/l.html]
